
> react-kavia@0.1.0 start
> cross-env EDIT_MODE=true webpack serve --config .ve/webpack.config.js --mode development

<i> [webpack-dev-server] Project is running at:
<i> [webpack-dev-server] Loopback: http://localhost:3000/, http://[::1]:3000/
<i> [webpack-dev-server] On Your Network (IPv4): http://172.17.0.2:3000/
<i> [webpack-dev-server] Content not from webpack is served from './public' directory
Injecting EditorRootWrapper import: ../.ve/EditorRootWrapper
asset bundle.js 1.44 MiB [emitted] (name: main)
asset index.html 1.92 KiB [emitted]
runtime modules 27.5 KiB 14 modules
cacheable modules 1.3 MiB
  modules by path ./node_modules/ 1.24 MiB 31 modules
  modules by path ./src/ 50.1 KiB
    modules by path ./src/components/*.js 13.1 KiB 6 modules
    modules by path ./src/*.css 29.8 KiB 4 modules
    modules by path ./src/*.js 7.29 KiB
      ./src/index.js 530 bytes [built] [code generated]
      ./src/App.js 6.77 KiB [built] [code generated]
  modules by path ./.ve/ 15.1 KiB
    modules by path ./.ve/*.js 10.6 KiB 2 modules
    modules by path ./.ve/*.css 2.93 KiB 2 modules
    ./.ve/EditorOverlay.jsx 1.58 KiB [built] [code generated]
webpack 5.99.9 compiled successfully in 1627 ms
assets by status 1.92 KiB [cached] 1 asset
assets by path *.js 1.47 MiB
  asset bundle.js 1.44 MiB [emitted] (name: main)
  asset main.c4a2650536ec3bb108b2.hot-update.js 27.8 KiB [emitted] [immutable] [hmr] (name: main)
asset main.c4a2650536ec3bb108b2.hot-update.json 28 bytes [emitted] [immutable] [hmr]
Entrypoint main 1.47 MiB = bundle.js 1.44 MiB main.c4a2650536ec3bb108b2.hot-update.js 27.8 KiB
cached modules 1.28 MiB [cached] 47 modules
runtime modules 27.5 KiB 14 modules
./node_modules/css-loader/dist/cjs.js!./src/App.css 24.4 KiB [built] [code generated]
webpack 5.99.9 compiled successfully in 98 ms
assets by status 1.92 KiB [cached] 1 asset
assets by path *.js 1.47 MiB
  asset bundle.js 1.44 MiB [emitted] (name: main)
  asset main.6ed435bf5fa3e6111a5c.hot-update.js 27.8 KiB [emitted] [immutable] [hmr] (name: main)
asset main.6ed435bf5fa3e6111a5c.hot-update.json 28 bytes [emitted] [immutable] [hmr]
Entrypoint main 1.47 MiB = bundle.js 1.44 MiB main.6ed435bf5fa3e6111a5c.hot-update.js 27.8 KiB
cached modules 1.28 MiB [cached] 47 modules
runtime modules 27.5 KiB 14 modules
./node_modules/css-loader/dist/cjs.js!./src/App.css 24.5 KiB [built] [code generated]
webpack 5.99.9 compiled successfully in 79 ms
assets by status 1.92 KiB [cached] 1 asset
assets by path *.js 1.47 MiB
  asset bundle.js 1.44 MiB [emitted] (name: main)
  asset main.5e958ef8d29bcb73c59f.hot-update.js 27.8 KiB [emitted] [immutable] [hmr] (name: main)
asset main.5e958ef8d29bcb73c59f.hot-update.json 28 bytes [emitted] [immutable] [hmr]
Entrypoint main 1.47 MiB = bundle.js 1.44 MiB main.5e958ef8d29bcb73c59f.hot-update.js 27.8 KiB
cached modules 1.28 MiB [cached] 47 modules
runtime modules 27.5 KiB 14 modules
./node_modules/css-loader/dist/cjs.js!./src/App.css 24.5 KiB [built] [code generated]
webpack 5.99.9 compiled successfully in 57 ms
assets by status 1.92 KiB [cached] 1 asset
assets by path *.js 1.47 MiB
  asset bundle.js 1.44 MiB [emitted] (name: main)
  asset main.29d2c6b9e21ee3ee7e83.hot-update.js 27.8 KiB [emitted] [immutable] [hmr] (name: main)
asset main.29d2c6b9e21ee3ee7e83.hot-update.json 28 bytes [emitted] [immutable] [hmr]
Entrypoint main 1.47 MiB = bundle.js 1.44 MiB main.29d2c6b9e21ee3ee7e83.hot-update.js 27.8 KiB
cached modules 1.28 MiB [cached] 47 modules
runtime modules 27.5 KiB 14 modules
./node_modules/css-loader/dist/cjs.js!./src/App.css 24.5 KiB [built] [code generated]
webpack 5.99.9 compiled successfully in 54 ms
assets by status 1.92 KiB [cached] 1 asset
assets by path *.js 1.47 MiB
  asset bundle.js 1.44 MiB [emitted] (name: main)
  asset main.f3c330d1995acd72d358.hot-update.js 27.8 KiB [emitted] [immutable] [hmr] (name: main)
asset main.f3c330d1995acd72d358.hot-update.json 28 bytes [emitted] [immutable] [hmr]
Entrypoint main 1.47 MiB = bundle.js 1.44 MiB main.f3c330d1995acd72d358.hot-update.js 27.8 KiB
cached modules 1.28 MiB [cached] 47 modules
runtime modules 27.5 KiB 14 modules
./node_modules/css-loader/dist/cjs.js!./src/App.css 24.5 KiB [built] [code generated]
webpack 5.99.9 compiled successfully in 59 ms
assets by status 1.92 KiB [cached] 1 asset
assets by path *.js 1.47 MiB
  asset bundle.js 1.44 MiB [emitted] (name: main)
  asset main.8fe48a968d759251b061.hot-update.js 27.9 KiB [emitted] [immutable] [hmr] (name: main)
asset main.8fe48a968d759251b061.hot-update.json 28 bytes [emitted] [immutable] [hmr]
Entrypoint main 1.47 MiB = bundle.js 1.44 MiB main.8fe48a968d759251b061.hot-update.js 27.9 KiB
cached modules 1.28 MiB [cached] 47 modules
runtime modules 27.5 KiB 14 modules
./node_modules/css-loader/dist/cjs.js!./src/App.css 24.5 KiB [built] [code generated]
webpack 5.99.9 compiled successfully in 48 ms
assets by status 1.92 KiB [cached] 1 asset
assets by path *.js 1.47 MiB
  asset bundle.js 1.44 MiB [emitted] (name: main)
  asset main.00611f845dbd4a4ffbb3.hot-update.js 27.9 KiB [emitted] [immutable] [hmr] (name: main)
asset main.00611f845dbd4a4ffbb3.hot-update.json 28 bytes [emitted] [immutable] [hmr]
Entrypoint main 1.47 MiB = bundle.js 1.44 MiB main.00611f845dbd4a4ffbb3.hot-update.js 27.9 KiB
cached modules 1.28 MiB [cached] 47 modules
runtime modules 27.5 KiB 14 modules
./node_modules/css-loader/dist/cjs.js!./src/App.css 24.5 KiB [built] [code generated]
webpack 5.99.9 compiled successfully in 46 ms
assets by status 1.92 KiB [cached] 1 asset
assets by path *.js 1.47 MiB
  asset bundle.js 1.44 MiB [emitted] (name: main)
  asset main.a1e58e2f47c7c1549cf5.hot-update.js 28.2 KiB [emitted] [immutable] [hmr] (name: main)
asset main.a1e58e2f47c7c1549cf5.hot-update.json 28 bytes [emitted] [immutable] [hmr]
Entrypoint main 1.47 MiB = bundle.js 1.44 MiB main.a1e58e2f47c7c1549cf5.hot-update.js 28.2 KiB
cached modules 1.28 MiB [cached] 47 modules
runtime modules 27.5 KiB 14 modules
./node_modules/css-loader/dist/cjs.js!./src/App.css 24.8 KiB [built] [code generated]
webpack 5.99.9 compiled successfully in 37 ms
assets by status 1.92 KiB [cached] 1 asset
assets by path *.js 1.47 MiB
  asset bundle.js 1.44 MiB [emitted] (name: main)
  asset main.2f4afae06e4d86392b5d.hot-update.js 28.3 KiB [emitted] [immutable] [hmr] (name: main)
asset main.2f4afae06e4d86392b5d.hot-update.json 28 bytes [emitted] [immutable] [hmr]
Entrypoint main 1.47 MiB = bundle.js 1.44 MiB main.2f4afae06e4d86392b5d.hot-update.js 28.3 KiB
cached modules 1.28 MiB [cached] 47 modules
runtime modules 27.5 KiB 14 modules
./node_modules/css-loader/dist/cjs.js!./src/App.css 24.9 KiB [built] [code generated]
webpack 5.99.9 compiled successfully in 59 ms
